type: No such file or directory
Preprocessor failed with 1 errors.
